###############################################################################
#
# IAR ELF Linker V7.80.4.12462/W32 for ARM                20/Sep/2021  00:33:09
# Copyright 2007-2017 IAR Systems AB.
#
#    Output file  =  
#        C:\Users\andywei\Desktop\sx1280\SX1280_DemoApp_V1_0\SX1280_Junfeng20210918\EWARM\SX1280_Junfeng\Exe\SX1280_Junfeng.out
#    Map file     =  
#        C:\Users\andywei\Desktop\sx1280\SX1280_DemoApp_V1_0\SX1280_Junfeng20210918\EWARM\SX1280_Junfeng\List\SX1280_Junfeng.map
#    Command line =  
#        C:\Users\andywei\Desktop\sx1280\SX1280_DemoApp_V1_0\SX1280_Junfeng20210918\EWARM\SX1280_Junfeng\Obj\main.o
#        C:\Users\andywei\Desktop\sx1280\SX1280_DemoApp_V1_0\SX1280_Junfeng20210918\EWARM\SX1280_Junfeng\Obj\startup_stm32l476xx.o
#        C:\Users\andywei\Desktop\sx1280\SX1280_DemoApp_V1_0\SX1280_Junfeng20210918\EWARM\SX1280_Junfeng\Obj\stm32l4xx_hal.o
#        C:\Users\andywei\Desktop\sx1280\SX1280_DemoApp_V1_0\SX1280_Junfeng20210918\EWARM\SX1280_Junfeng\Obj\stm32l4xx_hal_cortex.o
#        C:\Users\andywei\Desktop\sx1280\SX1280_DemoApp_V1_0\SX1280_Junfeng20210918\EWARM\SX1280_Junfeng\Obj\stm32l4xx_hal_dma.o
#        C:\Users\andywei\Desktop\sx1280\SX1280_DemoApp_V1_0\SX1280_Junfeng20210918\EWARM\SX1280_Junfeng\Obj\stm32l4xx_hal_dma_ex.o
#        C:\Users\andywei\Desktop\sx1280\SX1280_DemoApp_V1_0\SX1280_Junfeng20210918\EWARM\SX1280_Junfeng\Obj\stm32l4xx_hal_exti.o
#        C:\Users\andywei\Desktop\sx1280\SX1280_DemoApp_V1_0\SX1280_Junfeng20210918\EWARM\SX1280_Junfeng\Obj\stm32l4xx_hal_flash.o
#        C:\Users\andywei\Desktop\sx1280\SX1280_DemoApp_V1_0\SX1280_Junfeng20210918\EWARM\SX1280_Junfeng\Obj\stm32l4xx_hal_flash_ex.o
#        C:\Users\andywei\Desktop\sx1280\SX1280_DemoApp_V1_0\SX1280_Junfeng20210918\EWARM\SX1280_Junfeng\Obj\stm32l4xx_hal_flash_ramfunc.o
#        C:\Users\andywei\Desktop\sx1280\SX1280_DemoApp_V1_0\SX1280_Junfeng20210918\EWARM\SX1280_Junfeng\Obj\stm32l4xx_hal_gpio.o
#        C:\Users\andywei\Desktop\sx1280\SX1280_DemoApp_V1_0\SX1280_Junfeng20210918\EWARM\SX1280_Junfeng\Obj\stm32l4xx_hal_i2c.o
#        C:\Users\andywei\Desktop\sx1280\SX1280_DemoApp_V1_0\SX1280_Junfeng20210918\EWARM\SX1280_Junfeng\Obj\stm32l4xx_hal_i2c_ex.o
#        C:\Users\andywei\Desktop\sx1280\SX1280_DemoApp_V1_0\SX1280_Junfeng20210918\EWARM\SX1280_Junfeng\Obj\stm32l4xx_hal_msp.o
#        C:\Users\andywei\Desktop\sx1280\SX1280_DemoApp_V1_0\SX1280_Junfeng20210918\EWARM\SX1280_Junfeng\Obj\stm32l4xx_hal_pwr.o
#        C:\Users\andywei\Desktop\sx1280\SX1280_DemoApp_V1_0\SX1280_Junfeng20210918\EWARM\SX1280_Junfeng\Obj\stm32l4xx_hal_pwr_ex.o
#        C:\Users\andywei\Desktop\sx1280\SX1280_DemoApp_V1_0\SX1280_Junfeng20210918\EWARM\SX1280_Junfeng\Obj\stm32l4xx_hal_rcc.o
#        C:\Users\andywei\Desktop\sx1280\SX1280_DemoApp_V1_0\SX1280_Junfeng20210918\EWARM\SX1280_Junfeng\Obj\stm32l4xx_hal_rcc_ex.o
#        C:\Users\andywei\Desktop\sx1280\SX1280_DemoApp_V1_0\SX1280_Junfeng20210918\EWARM\SX1280_Junfeng\Obj\stm32l4xx_hal_spi.o
#        C:\Users\andywei\Desktop\sx1280\SX1280_DemoApp_V1_0\SX1280_Junfeng20210918\EWARM\SX1280_Junfeng\Obj\stm32l4xx_hal_spi_ex.o
#        C:\Users\andywei\Desktop\sx1280\SX1280_DemoApp_V1_0\SX1280_Junfeng20210918\EWARM\SX1280_Junfeng\Obj\stm32l4xx_hal_tim.o
#        C:\Users\andywei\Desktop\sx1280\SX1280_DemoApp_V1_0\SX1280_Junfeng20210918\EWARM\SX1280_Junfeng\Obj\stm32l4xx_hal_tim_ex.o
#        C:\Users\andywei\Desktop\sx1280\SX1280_DemoApp_V1_0\SX1280_Junfeng20210918\EWARM\SX1280_Junfeng\Obj\stm32l4xx_hal_uart.o
#        C:\Users\andywei\Desktop\sx1280\SX1280_DemoApp_V1_0\SX1280_Junfeng20210918\EWARM\SX1280_Junfeng\Obj\stm32l4xx_hal_uart_ex.o
#        C:\Users\andywei\Desktop\sx1280\SX1280_DemoApp_V1_0\SX1280_Junfeng20210918\EWARM\SX1280_Junfeng\Obj\stm32l4xx_it.o
#        C:\Users\andywei\Desktop\sx1280\SX1280_DemoApp_V1_0\SX1280_Junfeng20210918\EWARM\SX1280_Junfeng\Obj\sx1280-hal.o
#        C:\Users\andywei\Desktop\sx1280\SX1280_DemoApp_V1_0\SX1280_Junfeng20210918\EWARM\SX1280_Junfeng\Obj\sx1280.o
#        C:\Users\andywei\Desktop\sx1280\SX1280_DemoApp_V1_0\SX1280_Junfeng20210918\EWARM\SX1280_Junfeng\Obj\sx1280_mid.o
#        C:\Users\andywei\Desktop\sx1280\SX1280_DemoApp_V1_0\SX1280_Junfeng20210918\EWARM\SX1280_Junfeng\Obj\system_stm32l4xx.o
#        --redirect _Printf=_PrintfFull --redirect _Scanf=_ScanfFull -o
#        C:\Users\andywei\Desktop\sx1280\SX1280_DemoApp_V1_0\SX1280_Junfeng20210918\EWARM\SX1280_Junfeng\Exe\SX1280_Junfeng.out
#        --map
#        C:\Users\andywei\Desktop\sx1280\SX1280_DemoApp_V1_0\SX1280_Junfeng20210918\EWARM\SX1280_Junfeng\List\SX1280_Junfeng.map
#        --config
#        C:\Users\andywei\Desktop\sx1280\SX1280_DemoApp_V1_0\SX1280_Junfeng20210918\EWARM/stm32l476xx_flash.icf
#        --semihosting --entry __iar_program_start --vfe
#
###############################################################################

*******************************************************************************
*** RUNTIME MODEL ATTRIBUTES
***

CppFlavor                     = *
__Heap_Handler                = Basic
__SystemLibrary               = DLib
__dlib_dynamic_initialization = normal


*******************************************************************************
*** PLACEMENT SUMMARY
***

"A0":  place at 0x08000000 { ro section .intvec };
"P1":  place in [from 0x08000000 to 0x080fffff] { ro };
"P2":  place in [from 0x20000000 to 0x20017fff] { rw, block CSTACK, block HEAP };
"P3":  place in [from 0x20000000 to 0x20017fff] {  };
initialize by copy { rw };

  Section             Kind        Address    Size  Object
  -------             ----        -------    ----  ------
"A0":                                       0x188
  .intvec             ro code  0x08000000   0x188  startup_stm32l476xx.o [1]
                             - 0x08000188   0x188

"P1":                                      0x6aa8
  .text               ro code  0x08000188  0x119a  xprintffull.o [3]
  .text               ro code  0x08001322    0x20  xmbtowc.o [3]
  .text               ro code  0x08001344    0x16  strchr.o [5]
  .text               ro code  0x0800135c    0x36  strlen.o [5]
  .text               ro code  0x08001394    0x58  memchr.o [5]
  .text               ro code  0x080013ec     0xa  xmbcurmax.o [3]
  .text               ro code  0x080013f8    0xb0  xxmemxmalloc.o [3]
  .text               ro code  0x080014a8    0x1a  xwctomb.o [3]
  .text               ro code  0x080014c4    0x76  ABImemcpy_unaligned.o [5]
  .text               ro code  0x0800153c    0x80  xxmemxfree.o [3]
  .text               ro code  0x080015bc    0xee  I64DivMod.o [5]
  .text               ro code  0x080016aa    0x44  xdnorm.o [4]
  .text               ro code  0x080016f0    0x2e  DblCmpLe.o [4]
  .text               ro code  0x08001720    0x2e  DblCmpGe.o [4]
  .text               ro code  0x08001750   0x114  xdscale.o [4]
  .text               ro code  0x08001864    0x58  DblToI32.o [4]
  .text               ro code  0x080018bc    0x30  I32ToDbl.o [4]
  .text               ro code  0x080018ec   0x180  DblSub.o [4]
  .text               ro code  0x08001a6c   0x1a2  DblMul.o [4]
  .text               ro code  0x08001c10   0x256  DblDiv.o [4]
  .text               ro code  0x08001e68    0x6c  localeconv.o [3]
  .text               ro code  0x08001ed4     0xe  div.o [3]
  .text               ro code  0x08001ee4    0x14  setlocale.o [3]
  .text               ro code  0x08001ef8    0x60  xencoding_sb.o [3]
  .text               ro code  0x08001f58    0x2c  xgetmemchunk.o [3]
  .text               ro code  0x08001f84     0x2  I64DivZer.o [5]
  .text               ro code  0x08001f88    0xe8  DblAdd.o [4]
  .text               ro code  0x08002070     0x2  xtls.o [3]
  .text               ro code  0x08002074  0x1144  sx1280.o [1]
  .text               ro code  0x080031b8   0x288  sx1280-hal.o [1]
  .text               ro code  0x08003440   0x8c0  pow.o [4]
  .text               ro code  0x08003d00     0x6  ABImemclr.o [5]
  .text               ro code  0x08003d08   0x1f8  stm32l4xx_hal_gpio.o [1]
  .text               ro code  0x08003f00    0x28  stm32l4xx_hal.o [1]
  .text               ro code  0x08003f28   0x2b8  main.o [1]
  .text               ro code  0x080041e0    0x7e  xdint.o [4]
  .text               ro code  0x08004260    0x20  DblCmpEq.o [4]
  .text               ro code  0x08004280     0xc  errno.o [3]
  .text               ro code  0x0800428c    0xb0  xlog.o [4]
  .text               ro code  0x0800433c   0x2c6  xexp.o [4]
  .text               ro code  0x08004604    0x5e  ABImemset.o [5]
  .text               ro code  0x08004664     0xc  stm32l4xx_hal.o [1]
  .text               ro code  0x08004670   0x73c  stm32l4xx_hal_uart.o [1]
  .text               ro code  0x08004dac   0x690  stm32l4xx_hal_spi.o [1]
  .text               ro code  0x0800543c    0x2c  stm32l4xx_hal.o [1]
  .text               ro code  0x08005468   0x280  sx1280_mid.o [1]
  .text               ro code  0x080056e8     0x6  ABImemclr4.o [5]
  .text               ro code  0x080056f0    0x80  stm32l4xx_hal_pwr_ex.o [1]
  .text               ro code  0x08005770   0x74c  stm32l4xx_hal_rcc.o [1]
  .text               ro code  0x08005ebc    0x40  xdtest.o [4]
  .text               ro code  0x08005efc   0x128  stm32l4xx_hal_msp.o [1]
  .text               ro code  0x08006024    0x4c  stm32l4xx_hal_dma.o [1]
  .text               ro code  0x08006070     0x2  stm32l4xx_hal_uart.o [1]
  .text               ro code  0x08006072     0x2  stm32l4xx_hal_uart_ex.o [1]
  .text               ro code  0x08006074     0x2  stm32l4xx_hal_uart.o [1]
  .text               ro code  0x08006078    0xc0  stm32l4xx_hal_cortex.o [1]
  .text               ro code  0x08006138    0x48  stm32l4xx_hal.o [1]
  .text               ro code  0x08006180    0x24  printf.o [3]
  .text               ro code  0x080061a4    0x32  ABImemset48.o [5]
  .text               ro code  0x080061d8   0x55c  stm32l4xx_hal_rcc_ex.o [1]
  .rodata             const    0x08006734   0x11c  sx1280-hal.o [1]
  .text               ro code  0x08006850    0x8c  system_stm32l4xx.o [1]
  .text               ro code  0x080068dc    0x40  zero_init3.o [5]
  .text               ro code  0x0800691c    0x38  packbits_init_single.o [5]
  .text               ro code  0x08006954    0x28  data_init.o [5]
  .text               ro code  0x0800697c    0x22  fpinit_M.o [4]
  .iar.init_table     const    0x080069a0    0x20  - Linker created -
  .text               ro code  0x080069c0    0x1a  cmain.o [5]
  .text               ro code  0x080069da     0x4  low_level_init.o [3]
  .text               ro code  0x080069de     0x4  exit.o [3]
  .text               ro code  0x080069e4     0xa  cexit.o [5]
  .text               ro code  0x080069f0    0x14  exit.o [6]
  .text               ro code  0x08006a04    0x16  xprout.o [3]
  .text               ro code  0x08006a1c     0xc  putchar.o [3]
  .text               ro code  0x08006a28    0x10  startup_stm32l476xx.o [1]
  .text               ro code  0x08006a38    0x10  stm32l4xx_hal.o [1]
  .text               ro code  0x08006a48    0x10  stm32l4xx_it.o [1]
  .text               ro code  0x08006a58     0xc  cstartup_M.o [5]
  .rodata             const    0x08006a64     0x8  system_stm32l4xx.o [1]
  .text               ro code  0x08006a6c     0x4  startup_stm32l476xx.o [1]
  .text               ro code  0x08006a70     0x4  startup_stm32l476xx.o [1]
  .text               ro code  0x08006a74     0x4  startup_stm32l476xx.o [1]
  .text               ro code  0x08006a78     0x4  startup_stm32l476xx.o [1]
  .text               ro code  0x08006a7c     0x4  startup_stm32l476xx.o [1]
  .text               ro code  0x08006a80     0x4  startup_stm32l476xx.o [1]
  .text               ro code  0x08006a84     0x4  startup_stm32l476xx.o [1]
  .text               ro code  0x08006a88     0x4  startup_stm32l476xx.o [1]
  .text               ro code  0x08006a8c     0x4  startup_stm32l476xx.o [1]
  .text               ro code  0x08006a90     0x4  startup_stm32l476xx.o [1]
  .text               ro code  0x08006a94     0x4  startup_stm32l476xx.o [1]
  .text               ro code  0x08006a98     0x4  startup_stm32l476xx.o [1]
  .text               ro code  0x08006a9c     0x4  startup_stm32l476xx.o [1]
  .text               ro code  0x08006aa0     0x4  startup_stm32l476xx.o [1]
  .text               ro code  0x08006aa4     0x4  startup_stm32l476xx.o [1]
  .text               ro code  0x08006aa8     0x4  startup_stm32l476xx.o [1]
  .text               ro code  0x08006aac     0x4  startup_stm32l476xx.o [1]
  .text               ro code  0x08006ab0     0x4  startup_stm32l476xx.o [1]
  .text               ro code  0x08006ab4     0x4  startup_stm32l476xx.o [1]
  .text               ro code  0x08006ab8     0x4  startup_stm32l476xx.o [1]
  .text               ro code  0x08006abc     0x4  startup_stm32l476xx.o [1]
  .text               ro code  0x08006ac0     0x4  startup_stm32l476xx.o [1]
  .text               ro code  0x08006ac4     0x4  startup_stm32l476xx.o [1]
  .text               ro code  0x08006ac8     0x4  startup_stm32l476xx.o [1]
  .text               ro code  0x08006acc     0x4  startup_stm32l476xx.o [1]
  .text               ro code  0x08006ad0     0x4  startup_stm32l476xx.o [1]
  .text               ro code  0x08006ad4     0x4  startup_stm32l476xx.o [1]
  .text               ro code  0x08006ad8     0x4  startup_stm32l476xx.o [1]
  .text               ro code  0x08006adc     0x4  startup_stm32l476xx.o [1]
  .text               ro code  0x08006ae0     0x4  startup_stm32l476xx.o [1]
  .text               ro code  0x08006ae4     0x4  startup_stm32l476xx.o [1]
  .text               ro code  0x08006ae8     0x4  startup_stm32l476xx.o [1]
  .text               ro code  0x08006aec     0x4  startup_stm32l476xx.o [1]
  .text               ro code  0x08006af0     0x4  startup_stm32l476xx.o [1]
  .text               ro code  0x08006af4     0x4  startup_stm32l476xx.o [1]
  .text               ro code  0x08006af8     0x4  startup_stm32l476xx.o [1]
  .text               ro code  0x08006afc     0x4  startup_stm32l476xx.o [1]
  .text               ro code  0x08006b00     0x4  startup_stm32l476xx.o [1]
  .text               ro code  0x08006b04     0x4  startup_stm32l476xx.o [1]
  .text               ro code  0x08006b08     0x4  startup_stm32l476xx.o [1]
  .text               ro code  0x08006b0c     0x4  startup_stm32l476xx.o [1]
  .text               ro code  0x08006b10     0x4  startup_stm32l476xx.o [1]
  .text               ro code  0x08006b14     0x4  startup_stm32l476xx.o [1]
  .text               ro code  0x08006b18     0x4  startup_stm32l476xx.o [1]
  .text               ro code  0x08006b1c     0x4  startup_stm32l476xx.o [1]
  .text               ro code  0x08006b20     0x4  startup_stm32l476xx.o [1]
  .text               ro code  0x08006b24     0x4  startup_stm32l476xx.o [1]
  .text               ro code  0x08006b28     0x4  startup_stm32l476xx.o [1]
  .text               ro code  0x08006b2c     0x4  startup_stm32l476xx.o [1]
  .text               ro code  0x08006b30     0x4  startup_stm32l476xx.o [1]
  .text               ro code  0x08006b34     0x4  startup_stm32l476xx.o [1]
  .text               ro code  0x08006b38     0x4  startup_stm32l476xx.o [1]
  .text               ro code  0x08006b3c     0x4  startup_stm32l476xx.o [1]
  .text               ro code  0x08006b40     0x4  startup_stm32l476xx.o [1]
  .text               ro code  0x08006b44     0x4  startup_stm32l476xx.o [1]
  .text               ro code  0x08006b48     0x4  startup_stm32l476xx.o [1]
  .text               ro code  0x08006b4c     0x4  startup_stm32l476xx.o [1]
  .text               ro code  0x08006b50     0x4  startup_stm32l476xx.o [1]
  .text               ro code  0x08006b54     0x4  startup_stm32l476xx.o [1]
  .text               ro code  0x08006b58     0x4  startup_stm32l476xx.o [1]
  .text               ro code  0x08006b5c     0x4  startup_stm32l476xx.o [1]
  .text               ro code  0x08006b60     0x4  startup_stm32l476xx.o [1]
  .text               ro code  0x08006b64     0x4  startup_stm32l476xx.o [1]
  .text               ro code  0x08006b68     0x4  startup_stm32l476xx.o [1]
  .text               ro code  0x08006b6c     0x4  startup_stm32l476xx.o [1]
  .text               ro code  0x08006b70     0x4  startup_stm32l476xx.o [1]
  .text               ro code  0x08006b74     0x4  startup_stm32l476xx.o [1]
  .text               ro code  0x08006b78     0x4  startup_stm32l476xx.o [1]
  .text               ro code  0x08006b7c     0x4  startup_stm32l476xx.o [1]
  .text               ro code  0x08006b80     0x4  startup_stm32l476xx.o [1]
  .text               ro code  0x08006b84     0x4  startup_stm32l476xx.o [1]
  .text               ro code  0x08006b88     0x4  startup_stm32l476xx.o [1]
  .text               ro code  0x08006b8c     0x4  startup_stm32l476xx.o [1]
  .text               ro code  0x08006b90     0x4  startup_stm32l476xx.o [1]
  .text               ro code  0x08006b94     0x4  startup_stm32l476xx.o [1]
  .text               ro code  0x08006b98     0x4  startup_stm32l476xx.o [1]
  .text               ro code  0x08006b9c     0x4  startup_stm32l476xx.o [1]
  .text               ro code  0x08006ba0     0x4  startup_stm32l476xx.o [1]
  .text               ro code  0x08006ba4     0x4  startup_stm32l476xx.o [1]
  .text               ro code  0x08006ba8     0x4  startup_stm32l476xx.o [1]
  .text               ro code  0x08006bac     0x4  startup_stm32l476xx.o [1]
  .text               ro code  0x08006bb0     0x4  startup_stm32l476xx.o [1]
  .text               ro code  0x08006bb4     0x4  startup_stm32l476xx.o [1]
  .text               ro code  0x08006bb8     0x4  startup_stm32l476xx.o [1]
  .text               ro code  0x08006bbc     0x4  startup_stm32l476xx.o [1]
  .text               ro code  0x08006bc0     0x4  startup_stm32l476xx.o [1]
  .text               ro code  0x08006bc4     0x4  startup_stm32l476xx.o [1]
  .text               ro code  0x08006bc8     0x4  startup_stm32l476xx.o [1]
  .rodata             const    0x08006bcc     0x0  zero_init3.o [5]
  .rodata             const    0x08006bcc     0x0  packbits_init_single.o [5]
  Initializer bytes   const    0x08006bcc    0x64  <for P2-P3-1>
                             - 0x08006c30  0x6aa8

"P2-P3", part 1 of 3:                       0x1cc
  P2-P3-1                      0x20000000   0x1cc  <Init block>
    .data             inited   0x20000000     0xc  stm32l4xx_hal.o [1]
    .data             inited   0x2000000c     0xc  sx1280.o [1]
    .data             inited   0x20000018    0x4c  sx1280_mid.o [1]
    .data             inited   0x20000064    0x24  sx1280_mid.o [1]
    .data             inited   0x20000088     0x4  system_stm32l4xx.o [1]
    .data             inited   0x2000008c    0x40  xfiles.o [3]
    __DLIB_PERTHREAD  inited   0x200000cc     0x4  errno.o [3]
    __DLIB_PERTHREAD  inited   0x200000d0    0x88  localeconv.o [3]
    __DLIB_PERTHREAD  inited   0x20000158    0x74  setlocale.o [3]
                             - 0x200001cc   0x1cc

"P2-P3", part 2 of 3:                       0x600
  CSTACK                       0x200001d0   0x400  <Block>
    CSTACK            uninit   0x200001d0   0x400  <Block tail>
  HEAP                         0x200005d0   0x200  <Block>
    HEAP              uninit   0x200005d0   0x200  <Block tail>
                             - 0x200007d0   0x600

"P2-P3", part 3 of 3:                      0x2144
  .bss                zero     0x200007d0  0x2000  sx1280-hal.o [1]
  .bss                zero     0x200027d0    0x80  main.o [1]
  .bss                zero     0x20002850    0x64  main.o [1]
  .bss                zero     0x200028b4    0x50  xfiles.o [3]
  .bss                zero     0x20002904     0x8  xxmemxmalloc.o [3]
  .bss                zero     0x2000290c     0x4  xgetmemchunk.o [3]
  .bss                zero     0x20002910     0x1  sx1280.o [1]
                             - 0x20002911  0x2141


*******************************************************************************
*** INIT TABLE
***

          Address     Size
          -------     ----
Zero (__iar_zero_init3)
    1 destination range, total size 0x2141:
          0x200007d0  0x2141

Copy/packbits (__iar_packbits_init_single3)
    1 source range, total size 0x64 (21% of destination):
          0x08006bcc    0x64
    1 destination range, total size 0x1cc:
          0x20000000   0x1cc



*******************************************************************************
*** MODULE SUMMARY
***

    Module                   ro code  ro data  rw data
    ------                   -------  -------  -------
C:\Users\andywei\Desktop\sx1280\SX1280_DemoApp_V1_0\SX1280_Junfeng20210918\EWARM\SX1280_Junfeng\Obj: [1]
    main.o                       696               228
    startup_stm32l476xx.o        760
    stm32l4xx_hal.o              184        2       12
    stm32l4xx_hal_cortex.o       192
    stm32l4xx_hal_dma.o           76
    stm32l4xx_hal_gpio.o         504
    stm32l4xx_hal_msp.o          296
    stm32l4xx_hal_pwr_ex.o       128
    stm32l4xx_hal_rcc.o        1 868
    stm32l4xx_hal_rcc_ex.o     1 372
    stm32l4xx_hal_spi.o        1 680
    stm32l4xx_hal_uart.o       1 856
    stm32l4xx_hal_uart_ex.o        2
    stm32l4xx_it.o                16
    sx1280-hal.o                 648      284    8 192
    sx1280.o                   4 420        3       13
    sx1280_mid.o                 640       24      112
    system_stm32l4xx.o           140        9        4
    --------------------------------------------------
    Total:                    15 478      322    8 561

command line: [2]
    --------------------------------------------------
    Total:

dl7M_tlf.a: [3]
    div.o                         14
    errno.o                       12        1        4
    exit.o                         4
    localeconv.o                 108       29      136
    low_level_init.o               4
    printf.o                      36
    putchar.o                     12
    setlocale.o                   20       26      116
    xencoding_sb.o                96
    xfiles.o                               14      144
    xgetmemchunk.o                44                 4
    xmbcurmax.o                   10
    xmbtowc.o                     32
    xprintffull.o              4 506
    xprout.o                      22
    xtls.o                         2
    xwctomb.o                     26
    xxmemxfree.o                 128
    xxmemxmalloc.o               176                 8
    --------------------------------------------------
    Total:                     5 252       70      412

m7M_tls.a: [4]
    DblAdd.o                     232
    DblCmpEq.o                    32
    DblCmpGe.o                    46
    DblCmpLe.o                    46
    DblDiv.o                     598
    DblMul.o                     418
    DblSub.o                     384
    DblToI32.o                    88
    I32ToDbl.o                    48
    fpinit_M.o                    34
    pow.o                      2 240
    xdint.o                      126
    xdnorm.o                      68
    xdscale.o                    276
    xdtest.o                      64
    xexp.o                       710
    xlog.o                       176
    --------------------------------------------------
    Total:                     5 586

rt7M_tl.a: [5]
    ABImemclr.o                    6
    ABImemclr4.o                   6
    ABImemcpy_unaligned.o        118
    ABImemset.o                   94
    ABImemset48.o                 50
    I64DivMod.o                  238
    I64DivZer.o                    2
    cexit.o                       10
    cmain.o                       26
    cstartup_M.o                  12
    data_init.o                   40
    memchr.o                      88
    packbits_init_single.o        56
    strchr.o                      22
    strlen.o                      54
    zero_init3.o                  64
    --------------------------------------------------
    Total:                       886

shb_l.a: [6]
    exit.o                        20
    --------------------------------------------------
    Total:                        20

    Gaps                          48        2
    Linker created                         32    1 536
------------------------------------------------------
    Grand Total:              27 270      426   10 509


*******************************************************************************
*** ENTRY LIST
***

Entry                      Address    Size  Type      Object
-----                      -------    ----  ----      ------
.iar.init_table$$Base   0x080069a0           --   Gb  - Linker created -
.iar.init_table$$Limit  0x080069c0           --   Gb  - Linker created -
?main                   0x080069c1          Code  Gb  cmain.o [5]
AHBPrescTable           0x0800689c    0x10  Data  Gb  system_stm32l4xx.o [1]
APBPrescTable           0x08006a64     0x8  Data  Gb  system_stm32l4xx.o [1]
AppState                0x20000065     0x1  Data  Gb  sx1280_mid.o [1]
Buffer                  0x20000068    0x14  Data  Gb  sx1280_mid.o [1]
BufferSize              0x20000064     0x1  Data  Gb  sx1280_mid.o [1]
CSTACK$$Base            0x200001d0           --   Gb  - Linker created -
CSTACK$$Limit           0x200005d0           --   Gb  - Linker created -
Callbacks               0x20000040    0x24  Data  Gb  sx1280_mid.o [1]
DioIrq                  0x20000014     0x4  Data  Gb  sx1280.o [1]
Error_Handler           0x080041dd     0x4  Code  Gb  main.o [1]
HAL_DMA_Abort_IT        0x08006025    0x4c  Code  Gb  stm32l4xx_hal_dma.o [1]
HAL_Delay               0x08003f01    0x28  Code  Wk  stm32l4xx_hal.o [1]
HAL_GPIO_Init           0x08003d09   0x1bc  Code  Gb  stm32l4xx_hal_gpio.o [1]
HAL_GPIO_ReadPin        0x08003ec5     0xe  Code  Gb  stm32l4xx_hal_gpio.o [1]
HAL_GPIO_WritePin       0x08003ed3     0xa  Code  Gb  stm32l4xx_hal_gpio.o [1]
HAL_GetTick             0x08004665     0xc  Code  Wk  stm32l4xx_hal.o [1]
HAL_IncTick             0x08006a39    0x10  Code  Wk  stm32l4xx_hal.o [1]
HAL_Init                0x0800543d    0x28  Code  Gb  stm32l4xx_hal.o [1]
HAL_InitTick            0x08006139    0x48  Code  Wk  stm32l4xx_hal.o [1]
HAL_MspInit             0x08005efd    0x2c  Code  Gb  stm32l4xx_hal_msp.o [1]
HAL_NVIC_EnableIRQ      0x080060e5    0x16  Code  Gb  stm32l4xx_hal_cortex.o [1]
HAL_NVIC_SetPriority    0x08006093    0x52  Code  Gb  stm32l4xx_hal_cortex.o [1]
HAL_NVIC_SetPriorityGrouping
                        0x08006079    0x1a  Code  Gb  stm32l4xx_hal_cortex.o [1]
HAL_PWREx_ControlVoltageScaling
                        0x080056fd    0x66  Code  Gb  stm32l4xx_hal_pwr_ex.o [1]
HAL_PWREx_GetVoltageRange
                        0x080056f1     0xc  Code  Gb  stm32l4xx_hal_pwr_ex.o [1]
HAL_RCCEx_PeriphCLKConfig
                        0x080061d9   0x342  Code  Gb  stm32l4xx_hal_rcc_ex.o [1]
HAL_RCC_ClockConfig     0x08005c39   0x112  Code  Gb  stm32l4xx_hal_rcc.o [1]
HAL_RCC_GetPCLK1Freq    0x08005ddd    0x10  Code  Gb  stm32l4xx_hal_rcc.o [1]
HAL_RCC_GetPCLK2Freq    0x08005ded     0xe  Code  Gb  stm32l4xx_hal_rcc.o [1]
HAL_RCC_GetSysClockFreq
                        0x08005d4b    0x92  Code  Gb  stm32l4xx_hal_rcc.o [1]
HAL_RCC_OscConfig       0x08005771   0x4c8  Code  Gb  stm32l4xx_hal_rcc.o [1]
HAL_SPI_Init            0x08004dad    0xda  Code  Gb  stm32l4xx_hal_spi.o [1]
HAL_SPI_MspInit         0x08005f29    0x5e  Code  Gb  stm32l4xx_hal_msp.o [1]
HAL_SPI_Transmit        0x08004e87   0x18e  Code  Gb  stm32l4xx_hal_spi.o [1]
HAL_SPI_TransmitReceive
                        0x08005015   0x242  Code  Gb  stm32l4xx_hal_spi.o [1]
HAL_SYSTICK_Config      0x080060fb    0x22  Code  Gb  stm32l4xx_hal_cortex.o [1]
HAL_UARTEx_WakeupCallback
                        0x08006073     0x2  Code  Wk  stm32l4xx_hal_uart_ex.o [1]
HAL_UART_ErrorCallback  0x08006071     0x2  Code  Wk  stm32l4xx_hal_uart.o [1]
HAL_UART_IRQHandler     0x08004831   0x184  Code  Gb  stm32l4xx_hal_uart.o [1]
HAL_UART_Init           0x08004671    0x50  Code  Gb  stm32l4xx_hal_uart.o [1]
HAL_UART_MspInit        0x08005f87    0x8c  Code  Gb  stm32l4xx_hal_msp.o [1]
HAL_UART_Transmit       0x080046d7   0x14e  Code  Gb  stm32l4xx_hal_uart.o [1]
HAL_UART_TxCpltCallback
                        0x08006075     0x2  Code  Wk  stm32l4xx_hal_uart.o [1]
HEAP$$Base              0x200005d0           --   Gb  - Linker created -
HEAP$$Limit             0x200007d0           --   Gb  - Linker created -
LoRaBandwidth           0x2000000e     0x1  Data  Lc  sx1280.o [1]
LoadInt                 0x080007ff    0x6e  Code  Lc  xprintffull.o [3]
MSIRangeTable           0x080068ac    0x30  Data  Gb  system_stm32l4xx.o [1]
MX_GPIO_Init            0x08004061   0x152  Code  Lc  main.o [1]
OnRxDone                0x080055b3     0x8  Code  Gb  sx1280_mid.o [1]
OnRxError               0x080055d1     0xe  Code  Gb  sx1280_mid.o [1]
OnRxTimeout             0x080055c9     0x8  Code  Gb  sx1280_mid.o [1]
OnTxDone                0x080055ab     0x8  Code  Gb  sx1280_mid.o [1]
OnTxTimeout             0x080055bb     0xe  Code  Gb  sx1280_mid.o [1]
OperatingMode           0x2000000c     0x1  Data  Lc  sx1280.o [1]
PacketType              0x2000000d     0x1  Data  Lc  sx1280.o [1]
PollingMode             0x20002910     0x1  Data  Lc  sx1280.o [1]
RCCEx_PLLSAI1_Config    0x0800651b   0x108  Code  Lc  stm32l4xx_hal_rcc_ex.o [1]
RCCEx_PLLSAI2_Config    0x0800662d    0xec  Code  Lc  stm32l4xx_hal_rcc_ex.o [1]
RCC_SetFlashLatencyFromMSIRange
                        0x08005e05    0x78  Code  Lc  stm32l4xx_hal_rcc.o [1]
Radio                   0x08006734   0x11c  Data  Gb  sx1280-hal.o [1]
RadioCallbacks          0x20000010     0x4  Data  Lc  sx1280.o [1]
Region$$Table$$Base     0x080069a0           --   Gb  - Linker created -
Region$$Table$$Limit    0x080069c0           --   Gb  - Linker created -
RxIrqMask               0x2000007c     0x2  Data  Gb  sx1280_mid.o [1]
SPI_EndRxTxTransaction  0x08005319   0x120  Code  Lc  stm32l4xx_hal_spi.o [1]
SPI_WaitFlagStateUntilTimeout
                        0x08005257    0xb2  Code  Lc  stm32l4xx_hal_spi.o [1]
SX1280Calibrate         0x080028db    0x16  Code  Gb  sx1280.o [1]
SX1280ClearIrqStatus    0x080028c7    0x14  Code  Gb  sx1280.o [1]
SX1280DisableManualGain
                        0x08002b2b    0x24  Code  Gb  sx1280.o [1]
SX1280EnableManualGain  0x08002b05    0x26  Code  Gb  sx1280.o [1]
SX1280GetFirmwareVersion
                        0x0800208b    0x1a  Code  Gb  sx1280.o [1]
SX1280GetFrequencyError
                        0x08002e41    0xb0  Code  Gb  sx1280.o [1]
SX1280GetIrqStatus      0x080028ad    0x1a  Code  Gb  sx1280.o [1]
SX1280GetOpMode         0x080020c7     0x8  Code  Gb  sx1280.o [1]
SX1280GetPacketStatus   0x080024d9   0x380  Code  Gb  sx1280.o [1]
SX1280GetPacketType     0x0800225f     0x8  Code  Gb  sx1280.o [1]
SX1280GetPayload        0x08002951    0x58  Code  Gb  sx1280.o [1]
SX1280GetRangingPowerDeltaThresholdIndicator
                        0x08002d6f    0x58  Code  Gb  sx1280.o [1]
SX1280GetRangingResult  0x08002c29   0x146  Code  Gb  sx1280.o [1]
SX1280GetRssiInst       0x08002859    0x1e  Code  Gb  sx1280.o [1]
SX1280GetRxBufferStatus
                        0x08002481    0x48  Code  Gb  sx1280.o [1]
SX1280GetStatus         0x080020a5    0x22  Code  Gb  sx1280.o [1]
SX1280HalGetDioStatus   0x08003435     0xc  Code  Gb  sx1280-hal.o [1]
SX1280HalInit           0x080031cd     0x2  Code  Gb  sx1280-hal.o [1]
SX1280HalReadBuffer     0x080033d9    0x56  Code  Gb  sx1280-hal.o [1]
SX1280HalReadCommand    0x0800324f    0x54  Code  Gb  sx1280-hal.o [1]
SX1280HalReadRegister   0x0800336d    0x10  Code  Gb  sx1280-hal.o [1]
SX1280HalReadRegisters  0x080032e9    0x5a  Code  Gb  sx1280-hal.o [1]
SX1280HalReset          0x080031cf    0x34  Code  Gb  sx1280-hal.o [1]
SX1280HalWaitOnBusy     0x080031b9    0x14  Code  Gb  sx1280-hal.o [1]
SX1280HalWriteBuffer    0x0800337d    0x34  Code  Gb  sx1280-hal.o [1]
SX1280HalWriteCommand   0x08003203    0x4c  Code  Gb  sx1280-hal.o [1]
SX1280HalWriteRegister  0x080032dd     0xc  Code  Gb  sx1280-hal.o [1]
SX1280HalWriteRegisters
                        0x080032a3    0x3a  Code  Gb  sx1280-hal.o [1]
SX1280Init              0x08002075     0xe  Code  Gb  sx1280.o [1]
SX1280OnDioIrq          0x08002f03     0xe  Code  Gb  sx1280.o [1]
SX1280ProcessIrqs       0x08002f1d   0x266  Code  Gb  sx1280.o [1]
SX1280RangingClearFilterResult
                        0x08002e01    0x20  Code  Gb  sx1280.o [1]
SX1280RangingSetFilterNumSamples
                        0x08002e21    0x10  Code  Gb  sx1280.o [1]
SX1280SendPayload       0x080029a9    0x18  Code  Gb  sx1280.o [1]
SX1280SetAutoFS         0x08002933     0xa  Code  Gb  sx1280.o [1]
SX1280SetAutoTx         0x0800290d    0x12  Code  Gb  sx1280.o [1]
SX1280SetBleAccessAddress
                        0x08002a67    0x2e  Code  Gb  sx1280.o [1]
SX1280SetBleAdvertizerAccessAddress
                        0x08002a95    0x26  Code  Gb  sx1280.o [1]
SX1280SetBufferBaseAddresses
                        0x080022e3    0x12  Code  Gb  sx1280.o [1]
SX1280SetCad            0x0800222d     0xe  Code  Gb  sx1280.o [1]
SX1280SetCadParams      0x080022cd     0xc  Code  Gb  sx1280.o [1]
SX1280SetCrcPolynomial  0x08002ac3    0x28  Code  Gb  sx1280.o [1]
SX1280SetCrcSeed        0x08002a3f    0x28  Code  Gb  sx1280.o [1]
SX1280SetDeviceRangingAddress
                        0x08002bd1    0x2c  Code  Gb  sx1280.o [1]
SX1280SetDioIrqParams   0x08002877    0x36  Code  Gb  sx1280.o [1]
SX1280SetFs             0x08002135    0x16  Code  Gb  sx1280.o [1]
SX1280SetInterruptMode  0x08002efb     0x8  Code  Gb  sx1280.o [1]
SX1280SetLNAGainSetting
                        0x08002b79    0x2a  Code  Gb  sx1280.o [1]
SX1280SetLongPreamble   0x0800293d     0xa  Code  Gb  sx1280.o [1]
SX1280SetManualGainValue
                        0x08002b59    0x16  Code  Gb  sx1280.o [1]
SX1280SetModulationParams
                        0x080022f5    0x9e  Code  Gb  sx1280.o [1]
SX1280SetPacketParams   0x08002393    0xee  Code  Gb  sx1280.o [1]
SX1280SetPacketType     0x0800224f    0x10  Code  Gb  sx1280.o [1]
SX1280SetPayload        0x08002947     0xa  Code  Gb  sx1280.o [1]
SX1280SetPollingMode    0x08002ef1     0xa  Code  Gb  sx1280.o [1]
SX1280SetRangingCalibration
                        0x08002dc7    0x28  Code  Gb  sx1280.o [1]
SX1280SetRangingIdLength
                        0x08002ba3    0x2e  Code  Gb  sx1280.o [1]
SX1280SetRangingRequestAddress
                        0x08002bfd    0x2c  Code  Gb  sx1280.o [1]
SX1280SetRangingRole    0x08002e31     0xe  Code  Gb  sx1280.o [1]
SX1280SetRegistersDefault
                        0x08002083     0x8  Code  Gb  sx1280.o [1]
SX1280SetRegulatorMode  0x080028f9     0xa  Code  Gb  sx1280.o [1]
SX1280SetRfFrequency    0x08002269    0x50  Code  Gb  sx1280.o [1]
SX1280SetRx             0x080021a1    0x54  Code  Gb  sx1280.o [1]
SX1280SetRxDutyCycle    0x080021fb    0x32  Code  Gb  sx1280.o [1]
SX1280SetSaveContext    0x08002903     0xa  Code  Gb  sx1280.o [1]
SX1280SetSleep          0x080020cf    0x46  Code  Gb  sx1280.o [1]
SX1280SetStandby        0x08002115    0x20  Code  Gb  sx1280.o [1]
SX1280SetSyncWord       0x080029c1    0x64  Code  Gb  sx1280.o [1]
SX1280SetSyncWordErrorTolerance
                        0x08002a25    0x1a  Code  Gb  sx1280.o [1]
SX1280SetTx             0x0800214b    0x56  Code  Gb  sx1280.o [1]
SX1280SetTxContinuousPreamble
                        0x08002245     0xa  Code  Gb  sx1280.o [1]
SX1280SetTxContinuousWave
                        0x0800223b     0xa  Code  Gb  sx1280.o [1]
SX1280SetTxParams       0x080022b9    0x14  Code  Gb  sx1280.o [1]
SX1280SetWhiteningSeed  0x08002aeb    0x1a  Code  Gb  sx1280.o [1]
SX1280StopAutoTx        0x0800291f     0x8  Code  Gb  sx1280.o [1]
SpiIn                   0x08003f53     0xe  Code  Gb  main.o [1]
SpiInOut                0x08003f3d    0x16  Code  Gb  main.o [1]
SysTick_Handler         0x08006a49     0x4  Code  Gb  stm32l4xx_it.o [1]
SystemClock_Config      0x08003fe7    0x7a  Code  Gb  main.o [1]
SystemCoreClock         0x20000088     0x4  Data  Gb  system_stm32l4xx.o [1]
SystemInit              0x08006851    0x3c  Code  Gb  system_stm32l4xx.o [1]
TxIrqMask               0x2000007e     0x2  Data  Gb  sx1280_mid.o [1]
UART_AdvFeatureConfig   0x08004bfd    0xc6  Code  Gb  stm32l4xx_hal_uart.o [1]
UART_CheckIdleState     0x08004cc3    0xd8  Code  Gb  stm32l4xx_hal_uart.o [1]
UART_DMAAbortOnError    0x08004d9d    0x10  Code  Lc  stm32l4xx_hal_uart.o [1]
UART_SetConfig          0x080049b5   0x21c  Code  Gb  stm32l4xx_hal_uart.o [1]
USART2_IRQHandler       0x08006a4d     0x6  Code  Gb  stm32l4xx_it.o [1]
_EncodingSb_Mbtowc      0x08001f13    0x30  Code  Gb  xencoding_sb.o [3]
_EncodingSb_Mbtowc::initial
                        0x08001f50     0x8  Data  Lc  xencoding_sb.o [3]
_EncodingSb_Wctomb      0x08001ef9    0x1a  Code  Gb  xencoding_sb.o [3]
_EncodingSb_Wctomb::initial
                        0x08001f48     0x8  Data  Lc  xencoding_sb.o [3]
_GenldFull              0x08001085   0x254  Code  Lc  xprintffull.o [3]
_IsdstStr               0x2000015c     0x4  Data  Gb  setlocale.o [3]
_LdtobFull              0x08000c85   0x3fa  Code  Lc  xprintffull.o [3]
_LitobFull              0x08000b79   0x10a  Code  Lc  xprintffull.o [3]
_LocaleEncoding         0x08001ee5     0xe  Code  Gb  setlocale.o [3]
_LocaleReturnString     0x2000017c    0x50  Data  Lc  setlocale.o [3]
_Locale_Profile         0x20000160    0x1c  Data  Gb  setlocale.o [3]
_Locale_aeabi_lconv     0x20000120    0x38  Data  Gb  localeconv.o [3]
_Locale_lconv           0x200000d0    0x50  Data  Gb  localeconv.o [3]
_Mbtowc                 0x08001323    0x20  Code  Gb  xmbtowc.o [3]
_PrintfFull             0x08000189   0x660  Code  Gb  xprintffull.o [3]
_Prout                  0x08006a05    0x16  Code  Gb  xprout.o [3]
_PutcharsFull           0x080012d9    0x2e  Code  Lc  xprintffull.o [3]
_PutstrFull             0x0800086d   0x306  Code  Lc  xprintffull.o [3]
_TzoneStr               0x20000158     0x4  Data  Gb  setlocale.o [3]
_Wctomb                 0x080014a9    0x1a  Code  Gb  xwctomb.o [3]
__aeabi_cdcmpeq         0x08004261          Code  Gb  DblCmpEq.o [4]
__aeabi_cdcmple         0x080016f1          Code  Gb  DblCmpLe.o [4]
__aeabi_cdrcmple        0x08001721          Code  Gb  DblCmpGe.o [4]
__aeabi_d2iz            0x08001865          Code  Gb  DblToI32.o [4]
__aeabi_d2uiz           0x08001891          Code  Gb  DblToI32.o [4]
__aeabi_dadd            0x08001f89          Code  Gb  DblAdd.o [4]
__aeabi_ddiv            0x08001c11          Code  Gb  DblDiv.o [4]
__aeabi_dmul            0x08001a6d          Code  Gb  DblMul.o [4]
__aeabi_dsub            0x080018ed          Code  Gb  DblSub.o [4]
__aeabi_errno_addr      0x08004281     0x6  Code  Gb  errno.o [3]
__aeabi_i2d             0x080018bd          Code  Gb  I32ToDbl.o [4]
__aeabi_ldiv0           0x08001f85          Code  Gb  I64DivZer.o [5]
__aeabi_memclr          0x08003d01          Code  Gb  ABImemclr.o [5]
__aeabi_memclr4         0x080056e9          Code  Gb  ABImemclr4.o [5]
__aeabi_ui2d            0x080018d1          Code  Gb  I32ToDbl.o [4]
__aeabi_uldivmod        0x080015bd          Code  Gb  I64DivMod.o [5]
__cmain                 0x080069c1          Code  Gb  cmain.o [5]
__data_Aldata           0x20002904     0x8  Data  Gb  xxmemxmalloc.o [3]
__data_GetMemChunk      0x08001f59    0x2c  Code  Gb  xgetmemchunk.o [3]
__data_GetMemChunk::start
                        0x2000290c     0x4  Data  Lc  xgetmemchunk.o [3]
__exit                  0x080069f1    0x14  Code  Gb  exit.o [6]
__iar_Dint              0x080041e1    0x7e  Code  Gb  xdint.o [4]
__iar_Dnorm             0x080016ab    0x44  Code  Gb  xdnorm.o [4]
__iar_Dscale            0x08001751   0x114  Code  Gb  xdscale.o [4]
__iar_Dtest             0x08005ebd    0x30  Code  Gb  xdtest.o [4]
__iar_Errno             0x200000cc     0x4  Data  Gb  errno.o [3]
__iar_Exp               0x0800433d   0x2be  Code  Gb  xexp.o [4]
__iar_Locale_lconv_init
                        0x08001e69    0x3a  Code  Gb  localeconv.o [3]
__iar_Logpoly           0x0800428d    0x76  Code  Gb  xlog.o [4]
__iar_Mbcurmax          0x080013ed     0xa  Code  Gb  xmbcurmax.o [3]
__iar_Memchr            0x08001395          Code  Gb  memchr.o [5]
__iar_Memset4_word      0x080061a5          Code  Gb  ABImemset48.o [5]
__iar_Memset8_word      0x080061a5          Code  Gb  ABImemset48.o [5]
__iar_Memset_word       0x08004605          Code  Gb  ABImemset.o [5]
__iar_Stdout            0x2000008c    0x40  Data  Gb  xfiles.o [3]
__iar_Strchr            0x08001345          Code  Gb  strchr.o [5]
__iar_d2uiz             0x0800189d          Code  Gb  DblToI32.o [4]
__iar_dadd              0x08001f9d          Code  Gb  DblAdd.o [4]
__iar_data_init3        0x08006955    0x28  Code  Gb  data_init.o [5]
__iar_dlib_perthread_access
                        0x08002071     0x2  Code  Gb  xtls.o [3]
__iar_dsub              0x08001901          Code  Gb  DblSub.o [4]
__iar_dsubStart         0x08001913          Code  Gb  DblSub.o [4]
__iar_init_vfp          0x0800697d          Code  Gb  fpinit_M.o [4]
__iar_packbits_init_single3
                        0x0800691d    0x38  Code  Gb  packbits_init_single.o [5]
__iar_program_start     0x08006a59          Code  Gb  cstartup_M.o [5]
__iar_ui2d              0x080018d5          Code  Gb  I32ToDbl.o [4]
__iar_unaligned___aeabi_memcpy
                        0x080014c5          Code  Gb  ABImemcpy_unaligned.o [5]
__iar_unaligned___aeabi_memcpy4
                        0x080014e5          Code  Gb  ABImemcpy_unaligned.o [5]
__iar_unaligned___aeabi_memcpy8
                        0x080014e5          Code  Gb  ABImemcpy_unaligned.o [5]
__iar_vfp_pow           0x080038c1    0x18  Code  Gb  pow.o [4]
__iar_zero_init3        0x080068dd    0x40  Code  Gb  zero_init3.o [5]
__low_level_init        0x080069db     0x4  Code  Gb  low_level_init.o [3]
__vector_table          0x08000000          Data  Gb  startup_stm32l476xx.o [1]
_call_main              0x080069cd          Code  Gb  cmain.o [5]
_exit                   0x080069e5          Code  Gb  cexit.o [5]
_main                   0x080069d7          Code  Gb  cmain.o [5]
div                     0x08001ed5     0xe  Code  Gb  div.o [3]
exit                    0x080069df     0x4  Code  Gb  exit.o [3]
fputc                   0x08003f29    0x14  Code  Gb  main.o [1]
free                    0x0800153d    0x7a  Code  Gb  xxmemxfree.o [3]
halRxBuffer             0x200017d0  0x1000  Data  Lc  sx1280-hal.o [1]
halTxBuffer             0x200007d0  0x1000  Data  Lc  sx1280-hal.o [1]
hspi1                   0x20002850    0x64  Data  Gb  main.o [1]
huart2                  0x200027d0    0x80  Data  Gb  main.o [1]
internal_Pow            0x08003441   0x474  Code  Lc  pow.o [4]
lnbias                  0x080038e0   0x420  Data  Lc  pow.o [4]
localeconv              0x08001ea3    0x16  Code  Gb  localeconv.o [3]
main                    0x08003f61    0x86  Code  Gb  main.o [1]
malloc                  0x080013f9    0xac  Code  Gb  xxmemxmalloc.o [3]
memchr                  0x08001395          Code  Gb  memchr.o [5]
modulationParams        0x20000030    0x10  Data  Gb  sx1280_mid.o [1]
obuf                    0x200028b4    0x50  Data  Lc  xfiles.o [3]
packetParams            0x20000018    0x18  Data  Gb  sx1280_mid.o [1]
packetStatus            0x20000080     0x8  Data  Gb  sx1280_mid.o [1]
printf                  0x08006181    0x24  Code  Gb  printf.o [3]
putchar                 0x08006a1d     0xc  Code  Gb  putchar.o [3]
strchr                  0x08001345          Code  Gb  strchr.o [5]
strlen                  0x0800135d          Code  Gb  strlen.o [5]
sx1280_app_init         0x08005469    0xb4  Code  Gb  sx1280_mid.o [1]
sx1280_app_rx           0x0800551d    0x8e  Code  Gb  sx1280_mid.o [1]
uwTick                  0x20000004     0x4  Data  Gb  stm32l4xx_hal.o [1]
uwTickFreq              0x20000000     0x1  Data  Gb  stm32l4xx_hal.o [1]
uwTickPrio              0x20000008     0x4  Data  Gb  stm32l4xx_hal.o [1]


[1] = C:\Users\andywei\Desktop\sx1280\SX1280_DemoApp_V1_0\SX1280_Junfeng20210918\EWARM\SX1280_Junfeng\Obj
[2] = command line
[3] = dl7M_tlf.a
[4] = m7M_tls.a
[5] = rt7M_tl.a
[6] = shb_l.a

  27 270 bytes of readonly  code memory
     426 bytes of readonly  data memory
  10 509 bytes of readwrite data memory

Errors: none
Warnings: none
